Creating generator object ...
Loading the generator weights from: checkpoints/rain/models/GAN_GEN_4_4.pth
Generating scale synchronized images ...
