Creating generator object ...
Loading the generator weights from: checkpoints/rain/models/GAN_GEN_SHADOW_4_4.pth
Generating scale synchronized images ...
Generated 300 images at image_test/
